Num.test_add:
Constraints: 2

Num.test_add_optimized:
Constraints: 2

Num.test_add:
Proof size: 2.43 KB
Proof hash: 8bc0af4485ee2db8a595955bfad70217c4746c5d7cd9c3ab5dbedd509cac99fa
Prover_pp hash: 7f33158664272f126048afeeafbf7016b03f24130e69b67d7370348dc472d663
Verifier_pp hash: a7737d3be68a867c52f6fe765aa53f468386a3e87361e0729e0ef2d03948daa9

Num.test_add:
Constraints: 2

Num.test_add_optimized:
Constraints: 2

Num.test_add:
Proof size: 2.43 KB
Proof hash: 2e3f8ad438362a051882c09b5dfeebba3fe2a52d7ca84451f3521a8705992197
Prover_pp hash: 7f33158664272f126048afeeafbf7016b03f24130e69b67d7370348dc472d663
Verifier_pp hash: a7737d3be68a867c52f6fe765aa53f468386a3e87361e0729e0ef2d03948daa9

Num.test_add_constant:
Constraints: 2

Num.test_add_constant_optimized:
Constraints: 2

Num.test_add_constant:
Proof size: 2.69 KB
Proof hash: 060a20e0e15a4b3948dd289fe26fb1162c09dc55b7572b2d42c0aec559da9df4
Prover_pp hash: 059bd4928f785812427913f925742ad55dad63d49d9be4de68ac0f9014a9f254
Verifier_pp hash: d75e8fc37a1ff60f49bf28c4ac340b656b3f79735056b1c85a18764d8bfeae35

Num.test_add_constant:
Constraints: 2

Num.test_add_constant_optimized:
Constraints: 2

Num.test_add_constant:
Proof size: 2.63 KB
Proof hash: 74634506fd7d070106ae02be275d96318770c9acb0ce4930c3ff8685e75da7db
Prover_pp hash: 12f940654058f8b36ee416a46ce3765a1030086d5ded668b7a537f65e4946b6a
Verifier_pp hash: 6e1fcc2e26ded0349488f29b9eb4f14dc7e6934e791efff3d39117c72e2194fb

Num.test_sub:
Constraints: 2

Num.test_sub_optimized:
Constraints: 2

Num.test_sub:
Proof size: 2.43 KB
Proof hash: a643a180442dfcc7c82d887e95546e68d1e0db248d675b5169a16630481c06e1
Prover_pp hash: 23efbd5ad495c6b233825416a603fb629ba157d4115418b985b093b42603c84e
Verifier_pp hash: ea7dd4274b6840b0dcae00b884a318f1bd8120a1ebc7ee550c1af18fe097a616

Num.test_sub:
Constraints: 2

Num.test_sub_optimized:
Constraints: 2

Num.test_sub:
Proof size: 2.43 KB
Proof hash: 4dfb27c63f56fa01ace2e949ce6067b0f9342643ceecbf6a882957e0851fe2da
Prover_pp hash: 23efbd5ad495c6b233825416a603fb629ba157d4115418b985b093b42603c84e
Verifier_pp hash: ea7dd4274b6840b0dcae00b884a318f1bd8120a1ebc7ee550c1af18fe097a616

Num.test_mul:
Constraints: 2

Num.test_mul_optimized:
Constraints: 2

Num.test_mul:
Proof size: 2.47 KB
Proof hash: c56cb882a6a3b9b81f7bcc3a8e7a5f0f6b4e7eafa6fa5dafb557db32a2014f14
Prover_pp hash: c62c50044726f0f7660f923be3629b06733a742e28d1f680abc0d0c69876bc6c
Verifier_pp hash: 690084bd403fa42067b1cb7a529febda29a12f2ec3fbac37d75addd3ad8cef72

Num.test_mul:
Constraints: 2

Num.test_mul_optimized:
Constraints: 2

Num.test_mul:
Proof size: 2.47 KB
Proof hash: 03be58a168e1944870090164b9671609633dd08ec0af4add9071edc3046810c6
Prover_pp hash: c62c50044726f0f7660f923be3629b06733a742e28d1f680abc0d0c69876bc6c
Verifier_pp hash: 690084bd403fa42067b1cb7a529febda29a12f2ec3fbac37d75addd3ad8cef72

Num.test_mul:
Constraints: 2

Num.test_mul_optimized:
Constraints: 2

Num.test_mul:
Proof size: 2.47 KB
Proof hash: 03c0601055ad04736d2063466e8917b06d1bf0b57682d9b33f7b2885e4326b0a
Prover_pp hash: c62c50044726f0f7660f923be3629b06733a742e28d1f680abc0d0c69876bc6c
Verifier_pp hash: 690084bd403fa42067b1cb7a529febda29a12f2ec3fbac37d75addd3ad8cef72

Num.test_num:
Constraints: 6

Num.test_num_optimized:
Constraints: 5

Num.test_num:
Proof size: 2.52 KB
Proof hash: af9f5fc6fd0ab8e9228fe28e4460b3c0d25971f6112f70691662e77451e2b148
Prover_pp hash: f7f06bf5f4b5a9d58c8997c7cbcb7e13259d42a7694e34b0b24fc26d7ff76a46
Verifier_pp hash: c4788487e865e928432848f4826cdd1d6b88a42f50691e21d1e834e0e872a932

Num.test_div:
Constraints: 3

Num.test_div_optimized:
Constraints: 2

Num.test_div:
Proof size: 2.47 KB
Proof hash: 7de3f62228b2a08c6daf66b5e7eb30aed0456fc664eac7d186763b42488b1c1f
Prover_pp hash: f8beccea62b6f945fca3bb9bf3139674c9aafe82a9ba7d0ee35dbc384fcaea8e
Verifier_pp hash: a2044621b03daa1901c4f49109a3707ca76bd9df288fe28452c67987b4939a40

pow5:
Constraints: 2

pow5_optimized:
Constraints: 2

pow5:
Proof size: 2.23 KB
Proof hash: e10a7c67c7e01a2eeab23688e746a7f2978b37ccc70f446dd39d575bd2dbdba6
Prover_pp hash: aa2c0c51bf0e7f92ff8e92e8bb760a4a558042fa4ba198eb28fcb5b4e563107d
Verifier_pp hash: 31d43178f649eeffddd25484eb7696042b51440be7b5d56112d9437d5a11b1bd

test:
Constraints: 2

test_optimized:
Constraints: 2

test:
Proof size: 2.23 KB
Proof hash: ac69ac2b6ee2b652a0a3a51ff229239d214fdcbf31d75ba1ef911fc2b7136515
Prover_pp hash: a57891a22196bf6708917e8edf689b418ef37ddda96e550b64a8b675830789c9
Verifier_pp hash: ad13bdc502aecc5f16818298704185936291233374a7354b6f880f06e8e4a804

test:
Constraints: 2

test_optimized:
Constraints: 2

test:
Proof size: 2.23 KB
Proof hash: 3e2c74612e09af0fee88e0da7b69d6ffa8dd080200b6d73a1f2de8ceb8337aa0
Prover_pp hash: a57891a22196bf6708917e8edf689b418ef37ddda96e550b64a8b675830789c9
Verifier_pp hash: ad13bdc502aecc5f16818298704185936291233374a7354b6f880f06e8e4a804

test:
Constraints: 2

test_optimized:
Constraints: 2

test:
Proof size: 2.23 KB
Proof hash: c9009e4dc6b7615d31db2d8a38bd4aa342cb8bcbed6fd098da9c2f4555a4c931
Prover_pp hash: a57891a22196bf6708917e8edf689b418ef37ddda96e550b64a8b675830789c9
Verifier_pp hash: ad13bdc502aecc5f16818298704185936291233374a7354b6f880f06e8e4a804

pow:
Constraints: 6

pow_optimized:
Constraints: 4

pow:
Proof size: 2.29 KB
Proof hash: 9ad7e687ccb5842c0cecd4da59de691eb984536b0cdafd317bec9b9d8c2d9197
Prover_pp hash: b521986f98ba99d2835aa12173156e06fa961803e53919f215448092810fc291
Verifier_pp hash: 5996ad60ffa158eab10a49b602bdf70c5b77e163b5eb42eb9f1739ce4721785a

pow:
Constraints: 6

pow_optimized:
Constraints: 4

pow:
Proof size: 2.29 KB
Proof hash: cc8e8fda7e51baf4349c8fad564fe077198bf937bf3407b3620eef0a3df6fe17
Prover_pp hash: b521986f98ba99d2835aa12173156e06fa961803e53919f215448092810fc291
Verifier_pp hash: 5996ad60ffa158eab10a49b602bdf70c5b77e163b5eb42eb9f1739ce4721785a

pow:
Constraints: 10

pow_optimized:
Constraints: 7

pow:
Proof size: 2.29 KB
Proof hash: 79e0d7d9664bb8a6abe7327a4a9b8722b0f63f132d5b09a87ea6b03cec2e123d
Prover_pp hash: 559a459a2c0d4799cd6c90d6ad33d2122d0b49ee1932643dd0ba5cdda91160de
Verifier_pp hash: 9b70cb340a90165f59a136779c42d3efcc00a3a18a91c62f661f759c402a3d25

pow:
Constraints: 10

pow_optimized:
Constraints: 7

pow:
Proof size: 2.29 KB
Proof hash: 014eb417f721290ba44d11ef915a1926ae2667d735f3859940fb613fcc094345
Prover_pp hash: 559a459a2c0d4799cd6c90d6ad33d2122d0b49ee1932643dd0ba5cdda91160de
Verifier_pp hash: 9b70cb340a90165f59a136779c42d3efcc00a3a18a91c62f661f759c402a3d25

pow:
Constraints: 18

pow_optimized:
Constraints: 13

pow:
Proof size: 2.29 KB
Proof hash: 3bbbeeb976b8446dda5c4c2eec3099921f147faf26b31e2d8256e8e21c2fc25b
Prover_pp hash: 556d565428517ef83cbc2ef7582634687970a46398030282d096a6051f431f0f
Verifier_pp hash: 4da9cf2a1b9cb85f12fd99f511d4fb2a1f895ea29699f2bce4061eebe072d74a

pow:
Constraints: 26

pow_optimized:
Constraints: 19

pow:
Proof size: 2.29 KB
Proof hash: af20068b996d6ab9a0671ccac4e577184202edecd4502ccf79f4a854103b1a8e
Prover_pp hash: 43892f9420eda6b71a0001f413334c0ab6f6991a6e8d5d4eb9b9c5ddcf7663bf
Verifier_pp hash: b3b2f83e04c9ebfb04b1a8357b48922d2a5d6b988233401d88f3c87707a87a06

pow:
Constraints: 14

pow_optimized:
Constraints: 10

pow:
Proof size: 2.29 KB
Proof hash: c81c13c93cdf38225f479404c2029a1d713d75beb0c273f283f3f25adc7f173c
Prover_pp hash: 291cf0de55f41e144a9547e2f40eb744ee1939a3ae7fc3751c0d526626acef41
Verifier_pp hash: bd936073053813926686c7d09482f3cb96d62279f9a5f2ab0932bf97aa79bd13

Num.test_equal:
Constraints: 1

Num.test_equal_optimized:
Constraints: 1

Num.test_equal:
Proof size: 2.43 KB
Proof hash: 507ea6e95c1be83229296e027f533ee187b538bf99efeae0d08990dae19a8585
Prover_pp hash: 089ca6956c8c775ff04564a976606ff6f993d9d03c03f5d3c15be674ecc42f91
Verifier_pp hash: db9cd6f4915c45d67c79b6170150db17d1f9780c261961e26d0dd533731d34a6

Num.bits_of_scalar:
Constraints: 15

Num.bits_of_scalar_optimized:
Constraints: 6

Num.bits_of_scalar:
Proof size: 2.88 KB
Proof hash: 2f8157500455d5cb856578d966f467f3ad9fad43782ab744cafa799e5b51f2ae
Prover_pp hash: bf960620c57942608c62348e14f2e3df85fa2884261d160990c6f6f806bb1dbd
Verifier_pp hash: 30c29b504995020925f72d15a3dcda469bda8b71a02bef0ec4e3b6afb53f98eb

Num.bits_of_scalar:
Constraints: 15

Num.bits_of_scalar_optimized:
Constraints: 6

Num.bits_of_scalar:
Proof size: 2.88 KB
Proof hash: 2cc3f0dfce418b7b42a5895d07439902c85ed867138c985c670cd3bb63506d66
Prover_pp hash: f35f3c34ecd50424ffd4f3e6adeaa5a1d1db89a7ab2ea4ef204a990a3dd7bd80
Verifier_pp hash: 85656a417db8f42fefe577bf1e6c6a1d27b725001c8ae4664104785f85a898f5

Num.is_upper_bounded:
Constraints: 8

Num.is_upper_bounded_optimized:
Constraints: 5

Num.is_upper_bounded:
Proof size: 2.83 KB
Proof hash: ddada27382c846c6a2be440171bc2ea89a6d62a2ed30bf3c65ed4df5721b3cdd
Prover_pp hash: 55659e8ccdd9aa29df572dd2f0bac7cd478809e683121074e4fe6442892d9da3
Verifier_pp hash: db9e130a266df7920404926e5ccafd36bf71dfb3a1ae961bcd42b8f78cc69fd3

Num.is_upper_bounded:
Constraints: 14

Num.is_upper_bounded_optimized:
Constraints: 8

Num.is_upper_bounded:
Proof size: 2.88 KB
Proof hash: e24eb26d75c4582db015e416a7da828f988a8586e9f1c310e09c8a454b126b13
Prover_pp hash: 82d733cb3ac37e241bd287bcb9b5b85ed793933a208e2fa0f831f377e3b01f60
Verifier_pp hash: 1fbb31a4372f1defd95fd365f2d03f018d831c9d236aee6c89d0f13ab0d6451b

Num.is_upper_bounded:
Constraints: 26

Num.is_upper_bounded_optimized:
Constraints: 12

Num.is_upper_bounded:
Proof size: 3.11 KB
Proof hash: fcb0ebe5b8fce7fc1854888f2eb3a04cc18f8cb8226cc4c6773cc818ca0099da
Prover_pp hash: ac6fa5e424a98654644d563d23f2702e92ebf9ecedc7ac6764d76a49d16b6266
Verifier_pp hash: 5ef35faea75e7a0f8ed4baa547bfefeeef92dc5730a3fe1d6c67581e1ce8d507

Num.is_upper_bounded:
Constraints: 738

Num.is_upper_bounded_optimized:
Constraints: 294

Num.is_upper_bounded:
Proof size: 4.03 KB
Proof hash: edaee9b740b770383c42343eee6d380496706626c7602b32dd3336c46c43414d
Prover_pp hash: ec719cc2bec3b9ca81f472db241946de08ab34a6b7faaf5d922a59bea764ea57
Verifier_pp hash: 83f10d13913e6743d0f024cc53cd4db045412b891dca18264862e9056c523e31

Num.is_upper_bounded:
Constraints: 8

Num.is_upper_bounded_optimized:
Constraints: 5

Num.is_upper_bounded:
Proof size: 2.83 KB
Proof hash: ddada27382c846c6a2be440171bc2ea89a6d62a2ed30bf3c65ed4df5721b3cdd
Prover_pp hash: 55659e8ccdd9aa29df572dd2f0bac7cd478809e683121074e4fe6442892d9da3
Verifier_pp hash: db9e130a266df7920404926e5ccafd36bf71dfb3a1ae961bcd42b8f78cc69fd3

Num.is_upper_bounded:
Constraints: 735

Num.is_upper_bounded_optimized:
Constraints: 291

Num.is_upper_bounded:
Proof size: 4.03 KB
Proof hash: e93c11ccaf23b0857dd479a354931a38cb1023731ef13de65ee66e5050d51508
Prover_pp hash: 9ce74e6b685a13d1c48582a36013d86d73f01b504d2dc675bbade663f93e9122
Verifier_pp hash: f9694ba13104cbdcd44ccaaa5fbb5a7ad8e8b80b69dc88e21ef9edab6614e2ca

Num.is_upper_bounded:
Constraints: 765

Num.is_upper_bounded_optimized:
Constraints: 293

Num.is_upper_bounded:
Proof size: 4.03 KB
Proof hash: 6cfe4884635c2e5d42be899d006331d41caf9a1d9b7bc01deaecd90bf5928827
Prover_pp hash: fd1a8b3f063358f99c0345236aa710482600dcb87d6cceefba5301cc4d902242
Verifier_pp hash: b9feed02defbde1ef5718dac7d646ac41303e99764a3f1f8bc21cba94d2df400

Num.is_upper_bounded:
Constraints: 765

Num.is_upper_bounded_optimized:
Constraints: 293

Num.is_upper_bounded:
Proof size: 4.03 KB
Proof hash: 5180700538b08448ce50143380d8b37bb6bfca0c64af0a79845a28b25f6cf7e3
Prover_pp hash: 35594647ad09c7e1a6f1c1363eabd65b663e79469bc5ed598dfa4491a955553b
Verifier_pp hash: 1fd6bc722d63e4d60628f33aff3cb8e5c23a848969bca7ba75f41da963da804c

Num.is_upper_bounded:
Constraints: 767

Num.is_upper_bounded_optimized:
Constraints: 293

Num.is_upper_bounded:
Proof size: 4.03 KB
Proof hash: e6351b9810feb0397d105542e501a83b2064de7d4823ae26f229175fed3d6f4a
Prover_pp hash: e4c6ff4b6898a6e653fa4deabed5b2d19b7fc770e3ce3bc005d10a6ede6d4a12
Verifier_pp hash: b0defd8488ae37c187d980887e085d4028a62f7d78c53627ae36cf39b2d831d0

Num.is_upper_bounded:
Constraints: 735

Num.is_upper_bounded_optimized:
Constraints: 291

Num.is_upper_bounded:
Proof size: 4.03 KB
Proof hash: e93c11ccaf23b0857dd479a354931a38cb1023731ef13de65ee66e5050d51508
Prover_pp hash: 9ce74e6b685a13d1c48582a36013d86d73f01b504d2dc675bbade663f93e9122
Verifier_pp hash: f9694ba13104cbdcd44ccaaa5fbb5a7ad8e8b80b69dc88e21ef9edab6614e2ca

Num.is_upper_bounded_totality:
Constraints: 764

Num.is_upper_bounded_totality_optimized:
Constraints: 292

Num.is_upper_bounded_totality:
Proof size: 4.50 KB
Proof hash: 39268a07602c42f5e934af2c5b6fb1af59568894455290c919bc7c70f646bf74
Prover_pp hash: 03384f2bade35feeaecf363ab391f06df432657efe34aff81addc641ccacffce
Verifier_pp hash: 8c958e0c49efb1995cada4c9db12c592ae9d83f26d93ca6bb0f615d757a2071e

Num.is_upper_bounded_totality:
Constraints: 734

Num.is_upper_bounded_totality_optimized:
Constraints: 290

Num.is_upper_bounded_totality:
Proof size: 4.50 KB
Proof hash: 7ab2467b0c81ce6641f0bde76a6d4e9fded6cae1ed7383c05b7ef73bdfa3a0df
Prover_pp hash: b822f3b715d2b27fe98729ec18d83835410066b56d2304ebc2743787d1413588
Verifier_pp hash: 1e98aeb843d06d7a97d7d4b303c3eb5cb1260a1fdfe57c093bec4ce357dc61ea

Num.is_upper_bounded_totality:
Constraints: 766

Num.is_upper_bounded_totality_optimized:
Constraints: 292

Num.is_upper_bounded_totality:
Proof size: 4.50 KB
Proof hash: d71e90964301fc05f3a163ef4c4a2e647477180cf6f6d688e58f26490eb9102d
Prover_pp hash: 68b1986522060de0c49fcc057d6cba965c759a6d3caef268397285ccb6f6fc43
Verifier_pp hash: 0d5386c8cd58fb6b6d90ff2f83ccea65a298ad63884404801d2bcd9d2c4b5435

Num.geq:
Constraints: 25

Num.geq_optimized:
Constraints: 11

Num.geq:
Proof size: 3.03 KB
Proof hash: 0a80304f61a41e7250110259c44a7cc4976c5cc08b251af28dbdc165440620c6
Prover_pp hash: 2a65c441ce86f39885849658354f87fe6f8c6e5e5dde11ef1110de32f9f9e872
Verifier_pp hash: a7ddd60d21e5c90d816f4ccc0b9f90269ffd95761ed3311783434781197e4293

Num.geq:
Constraints: 22

Num.geq_optimized:
Constraints: 10

Num.geq:
Proof size: 2.63 KB
Proof hash: 6a77feaa3dd75d38a52742214d273fceaa732dad8f68811ce2e8f20f656ba2e5
Prover_pp hash: f92537f5101f40dba416ee5b94d41e9764449b4f1906a03a94a0f6dca611e958
Verifier_pp hash: b16496cae7ae7b310e1f1077d00d756c4bd1e5fffd91829b53b2bd33bba7e077

Num.test_add:
Constraints: 2

Num.test_add_optimized:
Constraints: 2

Num.test_add:
Constraints: 2

Num.test_add_optimized:
Constraints: 2

Num.test_add_constant:
Constraints: 2

Num.test_add_constant_optimized:
Constraints: 2

Num.test_add_constant:
Constraints: 2

Num.test_add_constant_optimized:
Constraints: 2

Num.test_sub:
Constraints: 2

Num.test_sub_optimized:
Constraints: 2

Num.test_sub:
Constraints: 2

Num.test_sub_optimized:
Constraints: 2

Num.test_mul:
Constraints: 2

Num.test_mul_optimized:
Constraints: 2

Num.test_mul:
Constraints: 2

Num.test_mul_optimized:
Constraints: 2

Num.test_mul:
Constraints: 2

Num.test_mul_optimized:
Constraints: 2

Num.test_num:
Constraints: 6

Num.test_num_optimized:
Constraints: 5

Num.test_div:
Constraints: 3

Num.test_div_optimized:
Constraints: 2

pow5:
Constraints: 2

pow5_optimized:
Constraints: 2

test:
Constraints: 2

test_optimized:
Constraints: 2

test:
Constraints: 2

test_optimized:
Constraints: 2

test:
Constraints: 2

test_optimized:
Constraints: 2

pow:
Constraints: 6

pow_optimized:
Constraints: 4

pow:
Constraints: 6

pow_optimized:
Constraints: 4

pow:
Constraints: 10

pow_optimized:
Constraints: 7

pow:
Constraints: 10

pow_optimized:
Constraints: 7

pow:
Constraints: 18

pow_optimized:
Constraints: 13

pow:
Constraints: 26

pow_optimized:
Constraints: 19

pow:
Constraints: 14

pow_optimized:
Constraints: 10

Num.test_equal:
Constraints: 1

Num.test_equal_optimized:
Constraints: 1

Num.bits_of_scalar:
Constraints: 15

Num.bits_of_scalar_optimized:
Constraints: 6

Num.bits_of_scalar:
Constraints: 15

Num.bits_of_scalar_optimized:
Constraints: 6

Num.is_upper_bounded:
Constraints: 8

Num.is_upper_bounded_optimized:
Constraints: 5

Num.is_upper_bounded:
Constraints: 14

Num.is_upper_bounded_optimized:
Constraints: 8

Num.is_upper_bounded:
Constraints: 26

Num.is_upper_bounded_optimized:
Constraints: 12

Num.is_upper_bounded:
Constraints: 738

Num.is_upper_bounded_optimized:
Constraints: 294

Num.is_upper_bounded:
Constraints: 8

Num.is_upper_bounded_optimized:
Constraints: 5

Num.is_upper_bounded:
Constraints: 735

Num.is_upper_bounded_optimized:
Constraints: 291

Num.is_upper_bounded:
Constraints: 765

Num.is_upper_bounded_optimized:
Constraints: 293

Num.is_upper_bounded:
Constraints: 765

Num.is_upper_bounded_optimized:
Constraints: 293

Num.is_upper_bounded:
Constraints: 767

Num.is_upper_bounded_optimized:
Constraints: 293

Num.is_upper_bounded:
Constraints: 735

Num.is_upper_bounded_optimized:
Constraints: 291

Num.is_upper_bounded_totality:
Constraints: 764

Num.is_upper_bounded_totality_optimized:
Constraints: 292

Num.is_upper_bounded_totality:
Constraints: 734

Num.is_upper_bounded_totality_optimized:
Constraints: 290

Num.is_upper_bounded_totality:
Constraints: 766

Num.is_upper_bounded_totality_optimized:
Constraints: 292

Num.geq:
Constraints: 25

Num.geq_optimized:
Constraints: 11

Num.geq:
Constraints: 22

Num.geq_optimized:
Constraints: 10

Bool.test_assert_true_and_false:
Constraints: 2

Bool.test_assert_true_and_false_optimized:
Constraints: 1

Bool.test_assert_true_and_false:
Constraints: 2

Bool.test_assert_true_and_false_optimized:
Constraints: 1

Bool.test_equal:
Constraints: 3

Bool.test_equal_optimized:
Constraints: 2

Bool.test_is_zero:
Constraints: 4

Bool.test_is_zero_optimized:
Constraints: 3

Bool.test_is_not_zero:
Constraints: 4

Bool.test_is_not_zero_optimized:
Constraints: 3

Bool.test_assert_bool:
Constraints: 1

Bool.test_assert_bool_optimized:
Constraints: 1

Bool.test_assert_bool:
Constraints: 1

Bool.test_assert_bool_optimized:
Constraints: 1

Bool.test_band:
Constraints: 5

Bool.test_band_optimized:
Constraints: 4

Bool.test_band:
Constraints: 5

Bool.test_band_optimized:
Constraints: 4

Bool.test_band:
Constraints: 5

Bool.test_band_optimized:
Constraints: 4

Bool.test_band:
Constraints: 5

Bool.test_band_optimized:
Constraints: 4

Bool.test_xor:
Constraints: 5

Bool.test_xor_optimized:
Constraints: 4

Bool.test_xor:
Constraints: 5

Bool.test_xor_optimized:
Constraints: 4

Bool.test_xor:
Constraints: 5

Bool.test_xor_optimized:
Constraints: 4

Bool.test_xor:
Constraints: 5

Bool.test_xor_optimized:
Constraints: 4

Bool.test_bor:
Constraints: 5

Bool.test_bor_optimized:
Constraints: 4

Bool.test_bor:
Constraints: 5

Bool.test_bor_optimized:
Constraints: 4

Bool.test_bor:
Constraints: 5

Bool.test_bor_optimized:
Constraints: 4

Bool.test_bor:
Constraints: 5

Bool.test_bor_optimized:
Constraints: 4

Bool.test_bnot:
Constraints: 4

Bool.test_bnot_optimized:
Constraints: 3

Bool.test_bnot:
Constraints: 4

Bool.test_bnot_optimized:
Constraints: 3

Bool.test_ifthenelse:
Constraints: 3

Bool.test_ifthenelse_optimized:
Constraints: 1

Bool.test_ifthenelse:
Constraints: 3

Bool.test_ifthenelse_optimized:
Constraints: 1

Bool.test_ifthenelse:
Constraints: 6

Bool.test_ifthenelse_optimized:
Constraints: 4

Bool.test_ifthenelse:
Constraints: 6

Bool.test_ifthenelse_optimized:
Constraints: 4

Bool.test_ifthenelse:
Constraints: 5

Bool.test_ifthenelse_optimized:
Constraints: 2

Bool.test_ifthenelse:
Constraints: 5

Bool.test_ifthenelse_optimized:
Constraints: 2

Bool.test_ifthenelse:
Constraints: 5

Bool.test_ifthenelse_optimized:
Constraints: 2

Bool.test_ifthenelse:
Constraints: 5

Bool.test_ifthenelse_optimized:
Constraints: 2

Bool.test_swap:
Constraints: 4

Bool.test_swap_optimized:
Constraints: 2

Bool.test_swap:
Constraints: 4

Bool.test_swap_optimized:
Constraints: 2

Bool.test_swap:
Constraints: 8

Bool.test_swap_optimized:
Constraints: 5

Bool.test_swap:
Constraints: 8

Bool.test_swap_optimized:
Constraints: 5

Bool.test_swap:
Constraints: 7

Bool.test_swap_optimized:
Constraints: 3

Bool.test_swap:
Constraints: 7

Bool.test_swap_optimized:
Constraints: 3

Bool.test_swap:
Constraints: 7

Bool.test_swap_optimized:
Constraints: 3

Bool.test_swap:
Constraints: 7

Bool.test_swap_optimized:
Constraints: 3

Bool.test_full_adder:
Constraints: 12

Bool.test_full_adder_optimized:
Constraints: 9

Bool.test_full_adder:
Constraints: 12

Bool.test_full_adder_optimized:
Constraints: 9

Bool.test_full_adder:
Constraints: 12

Bool.test_full_adder_optimized:
Constraints: 9

Bool.test_full_adder:
Constraints: 12

Bool.test_full_adder_optimized:
Constraints: 9

Bool.test_full_adder:
Constraints: 12

Bool.test_full_adder_optimized:
Constraints: 9

Bool.test_full_adder:
Constraints: 12

Bool.test_full_adder_optimized:
Constraints: 9

Bool.test_full_adder:
Constraints: 12

Bool.test_full_adder_optimized:
Constraints: 9

Bool.test_full_adder:
Constraints: 12

Bool.test_full_adder_optimized:
Constraints: 9

List.test_add_list:
Constraints: 5

List.test_add_list_optimized:
Constraints: 2

List.test_add_list:
Constraints: 6

List.test_add_list_optimized:
Constraints: 2

List.test_equal:
Constraints: 2

List.test_equal_optimized:
Constraints: 2

List.test_hd:
Constraints: 1

List.test_hd_optimized:
Constraints: 1

List.test_mul_list:
Constraints: 4

List.test_mul_list_optimized:
Constraints: 3

List.test_mul_list:
Constraints: 5

List.test_mul_list_optimized:
Constraints: 4

Rest.test_full_adder:
Constraints: 12

Rest.test_full_adder_optimized:
Constraints: 9

Rest.test_full_adder:
Constraints: 12

Rest.test_full_adder_optimized:
Constraints: 9

Rest.test_full_adder:
Constraints: 12

Rest.test_full_adder_optimized:
Constraints: 9

Rest.test_full_adder:
Constraints: 12

Rest.test_full_adder_optimized:
Constraints: 9

Rest.test_full_adder:
Constraints: 12

Rest.test_full_adder_optimized:
Constraints: 9

Rest.test_full_adder:
Constraints: 12

Rest.test_full_adder_optimized:
Constraints: 9

Rest.test_full_adder:
Constraints: 12

Rest.test_full_adder_optimized:
Constraints: 9

Rest.test_full_adder:
Constraints: 12

Rest.test_full_adder_optimized:
Constraints: 9

Rest.test_scalar_of_bytes:
Constraints: 82

Rest.test_scalar_of_bytes_optimized:
Constraints: 43

Tuple.test_equal:
Constraints: 2

Tuple.test_equal_optimized:
Constraints: 2

Tuple.test_point:
Constraints: 4

Tuple.test_point_optimized:
Constraints: 3

ECC.test_weierstrass_add:
Constraints: 12

ECC.test_weierstrass_add_optimized:
Constraints: 11

ECC.test_edwards_add:
Constraints: 12

ECC.test_edwards_add_optimized:
Constraints: 11

Bytes.test_add:
Constraints: 69

Bytes.test_add_optimized:
Constraints: 54

Bytes.test_xor:
Constraints: 40

Bytes.test_xor_optimized:
Constraints: 25

Bytes.blake:
Constraints: 160

Bytes.blake_optimized:
Constraints: 97

Bytes.test_ifthenelse:
Constraints: 41

Bytes.test_ifthenelse_optimized:
Constraints: 32

Bytes.test_ifthenelse:
Constraints: 41

Bytes.test_ifthenelse_optimized:
Constraints: 32

Bytes.test_rotate:
Constraints: 24

Bytes.test_rotate_optimized:
Constraints: 16

Bytes.test_rotate:
Constraints: 24

Bytes.test_rotate_optimized:
Constraints: 16

Bytes.test_rotate:
Constraints: 24

Bytes.test_rotate_optimized:
Constraints: 16

Bytes.test_rotate:
Constraints: 24

Bytes.test_rotate_optimized:
Constraints: 16

Bytes.test_rotate:
Constraints: 24

Bytes.test_rotate_optimized:
Constraints: 16

Bytes.test_rotate:
Constraints: 24

Bytes.test_rotate_optimized:
Constraints: 16

Bytes.test_rotate:
Constraints: 24

Bytes.test_rotate_optimized:
Constraints: 16

Bytes.test_rotate:
Constraints: 48

Bytes.test_rotate_optimized:
Constraints: 32

Bytes.test_rotate:
Constraints: 48

Bytes.test_rotate_optimized:
Constraints: 32

Bytes.test_rotate:
Constraints: 48

Bytes.test_rotate_optimized:
Constraints: 32

Bytes.test_rotate:
Constraints: 48

Bytes.test_rotate_optimized:
Constraints: 32

Bytes.test_rotate:
Constraints: 48

Bytes.test_rotate_optimized:
Constraints: 32

Bytes.test_rotate:
Constraints: 48

Bytes.test_rotate_optimized:
Constraints: 32

Bytes.test_rotate:
Constraints: 48

Bytes.test_rotate_optimized:
Constraints: 32

Bytes.test_rotate:
Constraints: 72

Bytes.test_rotate_optimized:
Constraints: 48

Bytes.test_rotate:
Constraints: 72

Bytes.test_rotate_optimized:
Constraints: 48

Bytes.test_rotate:
Constraints: 72

Bytes.test_rotate_optimized:
Constraints: 48

Bytes.test_rotate:
Constraints: 72

Bytes.test_rotate_optimized:
Constraints: 48

Bytes.test_rotate:
Constraints: 72

Bytes.test_rotate_optimized:
Constraints: 48

Bytes.test_rotate:
Constraints: 72

Bytes.test_rotate_optimized:
Constraints: 48

Bytes.test_rotate:
Constraints: 72

Bytes.test_rotate_optimized:
Constraints: 48

Blake.test_mixing:
Constraints: 2638

Blake.test_mixing_optimized:
Constraints: 1998

Blake.test_compression:
Constraints: 87808

Blake.test_compression_optimized:
Constraints: 87264

Blake.test_blake2s:
Constraints: 174377

Blake.test_blake2s_optimized:
Constraints: 174089

Poseidon.test_poseidon:
Constraints: 273

Poseidon.test_poseidon_optimized:
Constraints: 118

Poseidon.test_poseidon:
Constraints: 804

Poseidon.test_poseidon_optimized:
Constraints: 340

Poseidon.test_poseidon.fixed_length:
Constraints: 273

Poseidon.test_poseidon.fixed_length_optimized:
Constraints: 118

Poseidon.test_poseidon.fixed_length:
Constraints: 539

Poseidon.test_poseidon.fixed_length_optimized:
Constraints: 229

Poseidon.test_poseidon:
Constraints: 975

Poseidon.test_poseidon_optimized:
Constraints: 241

Poseidon.test_poseidon:
Constraints: 1991

Poseidon.test_poseidon_optimized:
Constraints: 489

Poseidon.test_poseidon.fixed_length:
Constraints: 975

Poseidon.test_poseidon.fixed_length_optimized:
Constraints: 241

Poseidon.test_poseidon.fixed_length:
Constraints: 991

Poseidon.test_poseidon.fixed_length_optimized:
Constraints: 247

Poseidon.test_poseidon:
Constraints: 611

Poseidon.test_poseidon_optimized:
Constraints: 190

Poseidon.test_poseidon:
Constraints: 1818

Poseidon.test_poseidon_optimized:
Constraints: 556

Poseidon.test_poseidon.fixed_length:
Constraints: 611

Poseidon.test_poseidon.fixed_length_optimized:
Constraints: 190

Poseidon.test_poseidon.fixed_length:
Constraints: 1215

Poseidon.test_poseidon.fixed_length_optimized:
Constraints: 373

Anemoi.test_round.valid:
Constraints: 20

Anemoi.test_round.valid_optimized:
Constraints: 18

Anemoi.test_round.valid:
Constraints: 20

Anemoi.test_round.valid_optimized:
Constraints: 18

Anemoi.test_compress.valid:
Constraints: 90

Anemoi.test_compress.valid_optimized:
Constraints: 85

Anemoi.test_compress.valid:
Constraints: 90

Anemoi.test_compress.valid_optimized:
Constraints: 85

Anemoi.test_double_round.valid:
Constraints: 21

Anemoi.test_double_round.valid_optimized:
Constraints: 19

Anemoi.test_double_round.valid:
Constraints: 21

Anemoi.test_double_round.valid_optimized:
Constraints: 19

Anemoi.test_compress_two.valid:
Constraints: 63

Anemoi.test_compress_two.valid_optimized:
Constraints: 58

Anemoi.test_compress_two.valid:
Constraints: 63

Anemoi.test_compress_two.valid_optimized:
Constraints: 58

Anemoi.test_compress.valid:
Constraints: 32

Anemoi.test_compress.valid_optimized:
Constraints: 17

Anemoi.test_compress.valid:
Constraints: 78

Anemoi.test_compress.valid_optimized:
Constraints: 39

Enum.test_switch:
Constraints: 16

Enum.test_switch_optimized:
Constraints: 12

Enum.test_switch:
Constraints: 16

Enum.test_switch_optimized:
Constraints: 12

Enum.test_switch:
Constraints: 16

Enum.test_switch_optimized:
Constraints: 12

Enum.test_switch:
Constraints: 16

Enum.test_switch_optimized:
Constraints: 12

Enum.test_switch:
Constraints: 16

Enum.test_switch_optimized:
Constraints: 12

Schnorr.test_circuit_verify:
Constraints: 2381

Schnorr.test_circuit_verify_optimized:
Constraints: 853

Merkle.test_merkle_pos:
Constraints: 1945

Merkle.test_merkle_pos_optimized:
Constraints: 479

Merkle.test_merkle_pos:
Constraints: 1945

Merkle.test_merkle_pos_optimized:
Constraints: 479

Merkle.test_merkle_pos:
Constraints: 1945

Merkle.test_merkle_pos_optimized:
Constraints: 479

Merkle.test_merkle_pos:
Constraints: 1945

Merkle.test_merkle_pos_optimized:
Constraints: 479

MerkleNarity.test_merkle_pos:
Constraints: 5030

MerkleNarity.test_merkle_pos_optimized:
Constraints: 1318

Edwards.test_add:
Constraints: 4

Edwards.test_add_optimized:
Constraints: 3

Edwards.test_add:
Constraints: 4

Edwards.test_add_optimized:
Constraints: 3

Edwards.test_add:
Constraints: 4

Edwards.test_add_optimized:
Constraints: 3

Edwards.test_add:
Constraints: 4

Edwards.test_add_optimized:
Constraints: 3

Edwards.test_add:
Constraints: 4

Edwards.test_add_optimized:
Constraints: 3

Edwards.test_add:
Constraints: 4

Edwards.test_add_optimized:
Constraints: 3

Edwards.test_add:
Constraints: 4

Edwards.test_add_optimized:
Constraints: 3

Edwards.test_add:
Constraints: 4

Edwards.test_add_optimized:
Constraints: 3

Edwards.test_add:
Constraints: 4

Edwards.test_add_optimized:
Constraints: 3

Edwards.test_add:
Constraints: 4

Edwards.test_add_optimized:
Constraints: 3

Edwards.test_cond_add:
Constraints: 5

Edwards.test_cond_add_optimized:
Constraints: 2

Edwards.test_cond_add:
Constraints: 5

Edwards.test_cond_add_optimized:
Constraints: 2

Edwards.test_cond_add:
Constraints: 5

Edwards.test_cond_add_optimized:
Constraints: 2

Edwards.test_cond_add:
Constraints: 5

Edwards.test_cond_add_optimized:
Constraints: 2

Edwards.test_cond_add:
Constraints: 5

Edwards.test_cond_add_optimized:
Constraints: 2

Edwards.test_cond_add:
Constraints: 5

Edwards.test_cond_add_optimized:
Constraints: 2

Edwards.test_cond_add:
Constraints: 5

Edwards.test_cond_add_optimized:
Constraints: 2

Edwards.test_scalar_mul:
Constraints: 6

Edwards.test_scalar_mul_optimized:
Constraints: 3

Edwards.test_scalar_mul:
Constraints: 6

Edwards.test_scalar_mul_optimized:
Constraints: 3

Edwards.test_scalar_mul:
Constraints: 11

Edwards.test_scalar_mul_optimized:
Constraints: 5

Edwards.test_scalar_mul:
Constraints: 1271

Edwards.test_scalar_mul_optimized:
Constraints: 509

Edwards.test_scalar_mul:
Constraints: 1271

Edwards.test_scalar_mul_optimized:
Constraints: 509

Edwards.test_scalar_mul:
Constraints: 1271

Edwards.test_scalar_mul_optimized:
Constraints: 509

Edwards.test_scalar_mul:
Constraints: 1271

Edwards.test_scalar_mul_optimized:
Constraints: 509

Edwards.test_scalar_mul:
Constraints: 1271

Edwards.test_scalar_mul_optimized:
Constraints: 509

Edwards.test_scalar_mul:
Constraints: 1271

Edwards.test_scalar_mul_optimized:
Constraints: 509

Edwards.test_scalar_mul:
Constraints: 1271

Edwards.test_scalar_mul_optimized:
Constraints: 509

Edwards.test_is_on_curve:
Constraints: 7

Edwards.test_is_on_curve_optimized:
Constraints: 6

Edwards.test_is_on_curve:
Constraints: 7

Edwards.test_is_on_curve_optimized:
Constraints: 6

Edwards.test_is_on_curve:
Constraints: 7

Edwards.test_is_on_curve_optimized:
Constraints: 6

Edwards.test_is_on_curve:
Constraints: 7

Edwards.test_is_on_curve_optimized:
Constraints: 6

Edwards.test_is_on_curve:
Constraints: 7

Edwards.test_is_on_curve_optimized:
Constraints: 6

Edwards.test_is_on_curve:
Constraints: 7

Edwards.test_is_on_curve_optimized:
Constraints: 6

Edwards.test_is_on_curve:
Constraints: 7

Edwards.test_is_on_curve_optimized:
Constraints: 6

Edwards.test_is_on_curve:
Constraints: 7

Edwards.test_is_on_curve_optimized:
Constraints: 6

Edwards.test_is_on_curve:
Constraints: 7

Edwards.test_is_on_curve_optimized:
Constraints: 6

Edwards.test_is_on_curve:
Constraints: 7

Edwards.test_is_on_curve_optimized:
Constraints: 6

Edwards.test_is_on_curve:
Constraints: 7

Edwards.test_is_on_curve_optimized:
Constraints: 6

Edwards.test_is_on_curve:
Constraints: 7

Edwards.test_is_on_curve_optimized:
Constraints: 6

Edwards.test_is_on_curve:
Constraints: 7

Edwards.test_is_on_curve_optimized:
Constraints: 6

Edwards.test_is_on_curve:
Constraints: 7

Edwards.test_is_on_curve_optimized:
Constraints: 6

Edwards.test_is_on_curve:
Constraints: 7

Edwards.test_is_on_curve_optimized:
Constraints: 6

Edwards.test_is_on_curve:
Constraints: 7

Edwards.test_is_on_curve_optimized:
Constraints: 6

Edwards.test_is_on_curve:
Constraints: 7

Edwards.test_is_on_curve_optimized:
Constraints: 6

Edwards.test_multi_scalar_mul:
Constraints: 2033

Edwards.test_multi_scalar_mul_optimized:
Constraints: 763

Edwards.test_multi_scalar_mul:
Constraints: 2795

Edwards.test_multi_scalar_mul_optimized:
Constraints: 1017

Edwards.test_multi_scalar_mul:
Constraints: 3557

Edwards.test_multi_scalar_mul_optimized:
Constraints: 1271

Edwards.test_multi_scalar_mul:
Constraints: 4319

Edwards.test_multi_scalar_mul_optimized:
Constraints: 1525

Edwards.test_multi_scalar_mul:
Constraints: 5081

Edwards.test_multi_scalar_mul_optimized:
Constraints: 1779

Weierstrass.test_add:
Constraints: 4

Weierstrass.test_add_optimized:
Constraints: 3

Weierstrass.test_add:
Constraints: 4

Weierstrass.test_add_optimized:
Constraints: 3

Weierstrass.test_add:
Constraints: 4

Weierstrass.test_add_optimized:
Constraints: 3

Weierstrass.test_add:
Constraints: 4

Weierstrass.test_add_optimized:
Constraints: 3

Weierstrass.test_add:
Constraints: 4

Weierstrass.test_add_optimized:
Constraints: 3

Weierstrass.test_add:
Constraints: 4

Weierstrass.test_add_optimized:
Constraints: 3

Weierstrass.test_add:
Constraints: 4

Weierstrass.test_add_optimized:
Constraints: 3

Weierstrass.test_add:
Constraints: 4

Weierstrass.test_add_optimized:
Constraints: 3

Weierstrass.test_add:
Constraints: 4

Weierstrass.test_add_optimized:
Constraints: 3

Weierstrass.test_add:
Constraints: 4

Weierstrass.test_add_optimized:
Constraints: 3

Weierstrass.test_double:
Constraints: 10

Weierstrass.test_double_optimized:
Constraints: 8

Weierstrass.test_double:
Constraints: 10

Weierstrass.test_double_optimized:
Constraints: 8

Weierstrass.test_double:
Constraints: 10

Weierstrass.test_double_optimized:
Constraints: 8

Weierstrass.test_double:
Constraints: 10

Weierstrass.test_double_optimized:
Constraints: 8

Weierstrass.test_double:
Constraints: 10

Weierstrass.test_double_optimized:
Constraints: 8

Weierstrass.test_double:
Constraints: 10

Weierstrass.test_double_optimized:
Constraints: 8

Weierstrass.test_double:
Constraints: 10

Weierstrass.test_double_optimized:
Constraints: 8

Weierstrass.test_double:
Constraints: 10

Weierstrass.test_double_optimized:
Constraints: 8

Weierstrass.test_double:
Constraints: 10

Weierstrass.test_double_optimized:
Constraints: 8

Weierstrass.test_double:
Constraints: 10

Weierstrass.test_double_optimized:
Constraints: 8

Weierstrass.test_scalar_mul:
Constraints: 4067

Weierstrass.test_scalar_mul_optimized:
Constraints: 3810

Weierstrass.test_scalar_mul:
Constraints: 4067

Weierstrass.test_scalar_mul_optimized:
Constraints: 3810

Weierstrass.is_on_curve_circuit:
Constraints: 4

Weierstrass.is_on_curve_circuit_optimized:
Constraints: 4

Weierstrass.is_on_curve_circuit:
Constraints: 4

Weierstrass.is_on_curve_circuit_optimized:
Constraints: 4

Weierstrass.is_on_curve_circuit:
Constraints: 4

Weierstrass.is_on_curve_circuit_optimized:
Constraints: 4

Weierstrass.is_on_curve_circuit:
Constraints: 4

Weierstrass.is_on_curve_circuit_optimized:
Constraints: 4

Weierstrass.is_on_curve_circuit:
Constraints: 4

Weierstrass.is_on_curve_circuit_optimized:
Constraints: 4

Weierstrass.is_on_curve_circuit:
Constraints: 4

Weierstrass.is_on_curve_circuit_optimized:
Constraints: 4

Weierstrass.is_on_curve_circuit:
Constraints: 4

Weierstrass.is_on_curve_circuit_optimized:
Constraints: 4

Weierstrass.is_on_curve_circuit:
Constraints: 4

Weierstrass.is_on_curve_circuit_optimized:
Constraints: 4

Weierstrass.is_on_curve_circuit:
Constraints: 4

Weierstrass.is_on_curve_circuit_optimized:
Constraints: 4

Weierstrass.is_on_curve_circuit:
Constraints: 4

Weierstrass.is_on_curve_circuit_optimized:
Constraints: 4

Bool.test_bor_lookup:
Constraints: 7

Bool.test_bor_lookup_optimized:
Constraints: 5

Bool.test_bor_lookup:
Constraints: 7

Bool.test_bor_lookup_optimized:
Constraints: 5

Bool.test_bor_lookup:
Constraints: 7

Bool.test_bor_lookup_optimized:
Constraints: 5

Bool.test_bor_lookup:
Constraints: 7

Bool.test_bor_lookup_optimized:
Constraints: 5

:
Proof size: 3.46 KB
Proof hash: ec53c3cc949d33a518525731c3999fa4014217c292436b6618c3801717eb1db5
Prover_pp hash: d231bc76ad1666bc06650e0bfb0e196fb77a526dcbd4a90dbf4c536c23cc648a
Verifier_pp hash: a2d7cf31029d37be820b026d0dde2b29ba7fd999e79d60c8883907fbb94e6a4a

Optimizer.test_long_sum:
Constraints: 100

Optimizer.test_long_sum_optimized:
Constraints: 15

Optimizer.test_long_sum:
Constraints: 500

Optimizer.test_long_sum_optimized:
Constraints: 72

Optimizer.test_poseidon_rounds:
Constraints: 11

Optimizer.test_poseidon_rounds_optimized:
Constraints: 5

Optimizer.test_ecc_ed_cond_add:
Constraints: 12

Optimizer.test_ecc_ed_cond_add_optimized:
Constraints: 5

Encoding.test_foo:
Constraints: 8

Encoding.test_foo_optimized:
Constraints: 7

Encoding.test_assertion:
Constraints: 4

Encoding.test_assertion_optimized:
Constraints: 3

