Num.test_add:
Constraints: 2

Num.test_add_optimized:
Constraints: 2

Num.test_add:
Proof size: 1.64 KB
Proof hash: 9563884c5e0bb877d36da635ab0f2a5fc20d958d8cde68da8b872c34492ae91e
Prover_pp hash: 5a2eb038e5d005e993b76e18b516123fb07e1ad83ee6b992f3946aaa98a24ff4
Verifier_pp hash: 3e300eeb28eaaa39faa5b9a2a5eceff191f1906895953918ae419babcd1bf43a

Num.test_add:
Constraints: 2

Num.test_add_optimized:
Constraints: 2

Num.test_add:
Proof size: 1.64 KB
Proof hash: 6b8770d098650305c1ff5ddcd8a76ba5f35fe0813fe322fbc02113c38a72b2f3
Prover_pp hash: 5a2eb038e5d005e993b76e18b516123fb07e1ad83ee6b992f3946aaa98a24ff4
Verifier_pp hash: 3e300eeb28eaaa39faa5b9a2a5eceff191f1906895953918ae419babcd1bf43a

Num.test_add_constant:
Constraints: 2

Num.test_add_constant_optimized:
Constraints: 2

Num.test_add_constant:
Proof size: 1.83 KB
Proof hash: 00a87dd5a347fc1b2784a5e7ab034fd99eacb96a12a2b41fef64111957cae436
Prover_pp hash: 40d9bdc004bcb5bbbf703bcc24282eec7b210a459d69bbcbcb0ba24f7f33d7a2
Verifier_pp hash: b17afbf07584cec7532cb6db5a007fec992a9daef24f4741343788646164c545

Num.test_add_constant:
Constraints: 2

Num.test_add_constant_optimized:
Constraints: 2

Num.test_add_constant:
Proof size: 1.77 KB
Proof hash: 3ccd5cbe88e008780a493ed0e559c06dc1f40134e2214383d78e771e9065468d
Prover_pp hash: 9befc04cda6136d6330e866e7ac4b0b6d1db4d08c3734e9b068b20dfbc9093df
Verifier_pp hash: 73bdea1ea465b81c9ac6a0632498ac1332752747a95358d8d714297c081a776e

Num.test_sub:
Constraints: 2

Num.test_sub_optimized:
Constraints: 2

Num.test_sub:
Proof size: 1.64 KB
Proof hash: 0e0eaa04d7ef7f33f366df61cf5fb88beff13cb0e5632775f2aea4f111ba4cd0
Prover_pp hash: 39ce4f9a98c2eec4d2b3352d1f58a9b34f1ac86363ae9284449d430759e67b7e
Verifier_pp hash: dcd0caf19bc91c0f8e3d9e54f15bd98d3ae526ee1363b1fea480380937404efe

Num.test_sub:
Constraints: 2

Num.test_sub_optimized:
Constraints: 2

Num.test_sub:
Proof size: 1.64 KB
Proof hash: 74bd16e918f3dda402f66079cf07e5d687f3b3b570cf37d24d358140e1ec9326
Prover_pp hash: 39ce4f9a98c2eec4d2b3352d1f58a9b34f1ac86363ae9284449d430759e67b7e
Verifier_pp hash: dcd0caf19bc91c0f8e3d9e54f15bd98d3ae526ee1363b1fea480380937404efe

Num.test_mul:
Constraints: 2

Num.test_mul_optimized:
Constraints: 2

Num.test_mul:
Proof size: 1.69 KB
Proof hash: aa3f7b92dc4873e454da18fcef9384ddb5457a65775d36d2dce6d42809f8c738
Prover_pp hash: e05584e58100b4338351d2582c1b30e613330d5d17c868aafa16058ea76464c7
Verifier_pp hash: 2a67b1c36e8aa625df9657795bbc5e3db8a9d0e6b387c2d7472883a3501220bb

Num.test_mul:
Constraints: 2

Num.test_mul_optimized:
Constraints: 2

Num.test_mul:
Proof size: 1.69 KB
Proof hash: 95457a3e7341272c96c4f5018c0be4a8a08169f7969a13265802bfaaf356b37c
Prover_pp hash: e05584e58100b4338351d2582c1b30e613330d5d17c868aafa16058ea76464c7
Verifier_pp hash: 2a67b1c36e8aa625df9657795bbc5e3db8a9d0e6b387c2d7472883a3501220bb

Num.test_mul:
Constraints: 2

Num.test_mul_optimized:
Constraints: 2

Num.test_mul:
Proof size: 1.69 KB
Proof hash: 8ccb01c1c1f0b7a900a42dfd4b83f9f5902f7ade3c02fa052de38ca9c64b21bb
Prover_pp hash: e05584e58100b4338351d2582c1b30e613330d5d17c868aafa16058ea76464c7
Verifier_pp hash: 2a67b1c36e8aa625df9657795bbc5e3db8a9d0e6b387c2d7472883a3501220bb

Num.test_num:
Constraints: 6

Num.test_num_optimized:
Constraints: 5

Num.test_num:
Proof size: 1.74 KB
Proof hash: e6a9f5235b13702249c31bb7a4274090ee3dd3121764c6a7c98d1d275999aae0
Prover_pp hash: ad3f33acd84803b81984c937d2b3eaad4d6303ec8da28b743732729e02301f24
Verifier_pp hash: 8b8cc34c6d757b77f6699e6f31ca7dfecd22af338dc3dbd53413de81416ce91f

Num.test_div:
Constraints: 3

Num.test_div_optimized:
Constraints: 2

Num.test_div:
Proof size: 1.69 KB
Proof hash: 7b2c292d939b85a6cb4e9d4d310e67cb41783336d82b007c93ffda578929b98b
Prover_pp hash: 2ae8c074537bfbb28d22b0cd6282fd3d30f22432b547c6ce58f4b7b4047076cc
Verifier_pp hash: 5d53b132893b5e10640e3cfeb11d78c700b4b123482f3f890c97691eb7c733b7

pow5:
Constraints: 2

pow5_optimized:
Constraints: 2

pow5:
Proof size: 1.52 KB
Proof hash: c8b79b55c67ac431557df86e6410f131f91041f060fe803b31c3afa0062e1f56
Prover_pp hash: 749a981700d4d3a105d2ba47a0fb59c45f8e86a98b385722dea54d6631462121
Verifier_pp hash: 03c4de6cea8335fe16266435461a623dba823615c53da044fae1b832d70d3843

test:
Constraints: 2

test_optimized:
Constraints: 2

test:
Proof size: 1.52 KB
Proof hash: 8df66942ebe2de6b06a376cb6662792e44eac1559e9870747166b6cefd619a77
Prover_pp hash: 84d95b10da113ff1dbb292749091709afb129c9ad02db71c1390b7c3fe2d12f6
Verifier_pp hash: 8ca038368951d146ef3ce17292d5be869cfc083ccd7e0189d1b5f80509e43327

test:
Constraints: 2

test_optimized:
Constraints: 2

test:
Proof size: 1.52 KB
Proof hash: 5fd4da408a9d4c598871793406935f5e301ba066d580ed4ea3491649a73dfac5
Prover_pp hash: 84d95b10da113ff1dbb292749091709afb129c9ad02db71c1390b7c3fe2d12f6
Verifier_pp hash: 8ca038368951d146ef3ce17292d5be869cfc083ccd7e0189d1b5f80509e43327

test:
Constraints: 2

test_optimized:
Constraints: 2

test:
Proof size: 1.52 KB
Proof hash: 77dfdfab6f6b19fcead03771cbdb9427f4a8fa36f1e25dae1286d89a7964472e
Prover_pp hash: 84d95b10da113ff1dbb292749091709afb129c9ad02db71c1390b7c3fe2d12f6
Verifier_pp hash: 8ca038368951d146ef3ce17292d5be869cfc083ccd7e0189d1b5f80509e43327

pow:
Constraints: 6

pow_optimized:
Constraints: 4

pow:
Proof size: 1.58 KB
Proof hash: 2e3716f8cdb50af078c3e289abb545d18cf03205cc738d4930f87aa916ce4c88
Prover_pp hash: 74c07d4a9867671ff6a82870d08e43e52fc2b5b74e9582bf801efd33323f5f8c
Verifier_pp hash: 52c3bcc7e019c0ff5422985606906edeb5eaa617fc17f4587164e2efc3a9109a

pow:
Constraints: 6

pow_optimized:
Constraints: 4

pow:
Proof size: 1.58 KB
Proof hash: 516635c815f8d0d9bcdcfa265d5b2a8f15b9b2bf9d347e44ac6074e147427b2c
Prover_pp hash: 74c07d4a9867671ff6a82870d08e43e52fc2b5b74e9582bf801efd33323f5f8c
Verifier_pp hash: 52c3bcc7e019c0ff5422985606906edeb5eaa617fc17f4587164e2efc3a9109a

pow:
Constraints: 10

pow_optimized:
Constraints: 7

pow:
Proof size: 1.58 KB
Proof hash: 0de44fadb7e3eda2b91e9c07b692b8dc257494961beffdbd50d2f90687e140ab
Prover_pp hash: 379fc0a8d589c0f74cac0e428e866566bd2bf1c1e24c0d2f1a1da964b5da4edf
Verifier_pp hash: f4d797f2170aaad00ceb16b42e969e021e38bd77d0ec1e262b0d1412fb886675

pow:
Constraints: 10

pow_optimized:
Constraints: 7

pow:
Proof size: 1.58 KB
Proof hash: ca205af7adbfde57afb155c76e6636ef9fed04da892438fd9ecdbb47ea9083ef
Prover_pp hash: 379fc0a8d589c0f74cac0e428e866566bd2bf1c1e24c0d2f1a1da964b5da4edf
Verifier_pp hash: f4d797f2170aaad00ceb16b42e969e021e38bd77d0ec1e262b0d1412fb886675

pow:
Constraints: 18

pow_optimized:
Constraints: 13

pow:
Proof size: 1.58 KB
Proof hash: 4f6d1255748a771cba445fb3c673083916de4893f9887ebcfda80c3fc7643437
Prover_pp hash: 85c2a6cfed5aab39f8d6570b234380306b8cc9a502c3a849ead04edbe280ade1
Verifier_pp hash: 678269b676276a1809c6f549cc0ae55488d0663c71479fe33e85043fb88bf56b

pow:
Constraints: 26

pow_optimized:
Constraints: 19

pow:
Proof size: 1.58 KB
Proof hash: 99cfd2ff5140706461f3d523760fbc3340db154b31e0bfe77542e175f86a191a
Prover_pp hash: fc648b777d79532f1dbacfbbca363add764162abbdd5f0e8233b333bce3e26c7
Verifier_pp hash: 3c7268ff8572050eb9406228912d155303a6c228f9efc41f460859d74d8c8bf4

pow:
Constraints: 14

pow_optimized:
Constraints: 10

pow:
Proof size: 1.58 KB
Proof hash: 51264bfde24a4b9d11891bb23d9dc216667420e2847e80358d90acdd9fce79eb
Prover_pp hash: e44f6cebfa99c53abda11ab995dc3baab0c3eaa32935a3beced64db4dedffe37
Verifier_pp hash: df9c562abb5bb1c57e33513e099747af16de1dde7c2ac6773c84f9c5d9a11fd7

Num.test_equal:
Constraints: 1

Num.test_equal_optimized:
Constraints: 1

Num.test_equal:
Proof size: 1.63 KB
Proof hash: 7e01e7496b72e1641f03308efe9d714758fedd4bcf0504047e39ad58fe7cc3a3
Prover_pp hash: 15f79bfc2de07417874345ad2ff3f41dd20beeeeb106b7f8bffd6d9ab8849434
Verifier_pp hash: fe8a1a85648ac59652a8e1996fb3fdd018d65254b891d4b1a6407309473bbe0e

Num.bits_of_scalar:
Constraints: 15

Num.bits_of_scalar_optimized:
Constraints: 6

Num.bits_of_scalar:
Proof size: 2.31 KB
Proof hash: ecce911626802ad4fefea333e795bfc4fc3c5e0d968e0b47d94c04cc89a6fb3f
Prover_pp hash: 909f05a9275d038371577a55d8b0166c83b28b551098ff1434c5dfe45452a9e7
Verifier_pp hash: 8ea14fde5e3e88e9e6b8f0f013c5f5d03cf8a7cc17433ad56511116b35081118

Num.bits_of_scalar:
Constraints: 15

Num.bits_of_scalar_optimized:
Constraints: 6

Num.bits_of_scalar:
Proof size: 2.31 KB
Proof hash: 43534a0d6e96bccbc52007531266611e67352e9bcf8db90c8bbe2e0fbae8594b
Prover_pp hash: 6713b272b9635f79d017a4b41c5b873ebb5562a8dde5eb21ebc6b65b0ab78ad5
Verifier_pp hash: f3e1e7b9f16aac7cff3c1a0f06df64782d8480473068ecfc360eac0ec81203d8

Num.is_upper_bounded:
Constraints: 8

Num.is_upper_bounded_optimized:
Constraints: 5

Num.is_upper_bounded:
Proof size: 1.97 KB
Proof hash: a7d24d816f2acaaaec9bea8d7840cc983d1ad5087de244cad19a4822a79df43b
Prover_pp hash: c814f7c2d154a42a791c967238933909bb03dd1a1786909c7b754a57d1b93b92
Verifier_pp hash: e277eb0fa8ead73f16ba615ff474ce85c870f665a3a1b3d1167afd54ae70dfb0

Num.is_upper_bounded:
Constraints: 14

Num.is_upper_bounded_optimized:
Constraints: 8

Num.is_upper_bounded:
Proof size: 2.03 KB
Proof hash: 3761fcb630c2935d53cb61bcb09ca8fd3561a3df52777cf2bd556732937a3dc2
Prover_pp hash: d62bee677e70c604165103d405b6a4bb026dbb183f09ac913048ca39c7127ab2
Verifier_pp hash: e1b7879c5481126c5628bff6911beab455625578860995dda004bfabb1c1eaa5

Num.is_upper_bounded:
Constraints: 26

Num.is_upper_bounded_optimized:
Constraints: 12

Num.is_upper_bounded:
Proof size: 2.54 KB
Proof hash: 66fb09b7be53e0aea574c87928bf36dbf7423032349b538fe89c7e520a00272b
Prover_pp hash: 1c142a4cb51af49267c1c2316d064160052ba9bf019b76296d97cdde2a9f0cb2
Verifier_pp hash: 2b5000ac3b64459cdc9541769514c16ba5fe09aa87300cd2987e43a85e630706

Num.is_upper_bounded:
Constraints: 738

Num.is_upper_bounded_optimized:
Constraints: 318

Num.is_upper_bounded:
Proof size: 2.65 KB
Proof hash: ffa5c8d7f37b0b1d0a3e9e223a3ed1aaa37976ea556100e1812aa248f4e3e6a1
Prover_pp hash: 5277eeacee3edb0b284442c73701ad768e152922804a6e1126d5ab42f2748b84
Verifier_pp hash: 85fb841670d79805cef5b98eebe4482e4d913ba2a3d25f1c116a8ee94347e52f

Num.is_upper_bounded:
Constraints: 8

Num.is_upper_bounded_optimized:
Constraints: 5

Num.is_upper_bounded:
Proof size: 1.97 KB
Proof hash: a7d24d816f2acaaaec9bea8d7840cc983d1ad5087de244cad19a4822a79df43b
Prover_pp hash: c814f7c2d154a42a791c967238933909bb03dd1a1786909c7b754a57d1b93b92
Verifier_pp hash: e277eb0fa8ead73f16ba615ff474ce85c870f665a3a1b3d1167afd54ae70dfb0

Num.is_upper_bounded:
Constraints: 735

Num.is_upper_bounded_optimized:
Constraints: 315

Num.is_upper_bounded:
Proof size: 2.65 KB
Proof hash: 139692c354a3e5e3484112a61d99fb38540516369fec726604f4b34519a3c4d7
Prover_pp hash: 369bd776b07c783e78cbdae34424f831e78a3e3b7dcea8bb0ec5597e3cdc4be0
Verifier_pp hash: 07653ef8e7a694d7bb78905f654ba3e44d24ef9348684636563dea3e4be36079

Num.is_upper_bounded:
Constraints: 765

Num.is_upper_bounded_optimized:
Constraints: 319

Num.is_upper_bounded:
Proof size: 2.65 KB
Proof hash: 08f86182dccdb3fc96813008722ef40e043f788726fa4c4d68a5bfdc60637465
Prover_pp hash: 0c82968fa6075bbe47ae1b7c93afcf3f8c78301b40231a28e5f958b1f720b814
Verifier_pp hash: 0f9b1a9d91ea34c53e98e0ebfce6c729489e139bc73298b665497ca20ff6d34c

Num.is_upper_bounded:
Constraints: 765

Num.is_upper_bounded_optimized:
Constraints: 319

Num.is_upper_bounded:
Proof size: 2.65 KB
Proof hash: 588c6c8383aee8739a4005203ed9d5719dd6e93b059ab67b82fed0a5d18cfd3c
Prover_pp hash: bca4316da46c3d570afe034d14bbb363625bca542f8c0764af92d1ec4de71df8
Verifier_pp hash: 4a4dcd8a9124c003a8bedcbd6faf97c2371308d310bbbf0000b0df2c435cd5b0

Num.is_upper_bounded:
Constraints: 767

Num.is_upper_bounded_optimized:
Constraints: 319

Num.is_upper_bounded:
Proof size: 2.65 KB
Proof hash: 1a07539cc19af105d95579da7728d36cf20b78c4d448cfc6d88bfd374f3e5e54
Prover_pp hash: 6ca0b32505ff245cbc911b30327956018ac469717fba5c7bd8f847dd7b51ce45
Verifier_pp hash: fb6d53be9a7344f720c3442aa76b55531d3f6c836c1932491a15f0c481ee7b56

Num.is_upper_bounded:
Constraints: 735

Num.is_upper_bounded_optimized:
Constraints: 315

Num.is_upper_bounded:
Proof size: 2.65 KB
Proof hash: 139692c354a3e5e3484112a61d99fb38540516369fec726604f4b34519a3c4d7
Prover_pp hash: 369bd776b07c783e78cbdae34424f831e78a3e3b7dcea8bb0ec5597e3cdc4be0
Verifier_pp hash: 07653ef8e7a694d7bb78905f654ba3e44d24ef9348684636563dea3e4be36079

Num.is_upper_bounded_totality:
Constraints: 764

Num.is_upper_bounded_totality_optimized:
Constraints: 318

Num.is_upper_bounded_totality:
Proof size: 2.97 KB
Proof hash: bbe645c723cb5fb566e6deb250872ae35874e199095f5054e32ae59f091e8419
Prover_pp hash: b61edeb89cae01b5c9fab61da54604991ad46a06917e878017d75d44ea352b17
Verifier_pp hash: 95c87b32cc741dd6e44bbabd4431e19255a4b59544689b4a87298bf078c6b9cf

Num.is_upper_bounded_totality:
Constraints: 734

Num.is_upper_bounded_totality_optimized:
Constraints: 314

Num.is_upper_bounded_totality:
Proof size: 2.97 KB
Proof hash: 27a69b4dd248030ca4435122b0df4f1a68eb043a66a9538877411242c0bba54e
Prover_pp hash: cbceacf76f49309366aba606860cc239ac662a034f6553bdd3aaa7a8c9d4a781
Verifier_pp hash: add515df58416f6f27a3fd2bf367a13b1e8f25900cba1d5ab708f1c36d27a63a

Num.is_upper_bounded_totality:
Constraints: 766

Num.is_upper_bounded_totality_optimized:
Constraints: 318

Num.is_upper_bounded_totality:
Proof size: 2.97 KB
Proof hash: ca92c78f337d20aaa97db28ddc209676e980baf7ebda360e98216dd70a073410
Prover_pp hash: 2c84449977d22874cdebeceb80b89ff801d5088bdac15165d0266f73c571159b
Verifier_pp hash: e93225f48153946eb0790ef04b08994e45e8c3faefe1fbd70c25c59f4c201456

Num.geq:
Constraints: 25

Num.geq_optimized:
Constraints: 11

Num.geq:
Proof size: 2.15 KB
Proof hash: bee90140a86ca056a23e3f42150c9f2f792764198d18c9e2707fee5d2959e10e
Prover_pp hash: 5db4ce6d325cd91c95f927828a4ddfead09d4251c883f8de1a6c79ac17417913
Verifier_pp hash: fa9da6fa41391903cafc74334db25cb64a1917700381b99cd59d99696620ea97

Num.geq:
Constraints: 22

Num.geq_optimized:
Constraints: 10

Num.geq:
Proof size: 2.11 KB
Proof hash: 64ff61ab93c172a2d81f7c8b01f47ce638b567a6b2d30e47b186092f13812c31
Prover_pp hash: bc15eceeae24d4d4dcabd37a7b9327fce89d6d20413a8d51968ddf2d76701286
Verifier_pp hash: 3d26efa0bb9300dc13d4d5e242520a2b43535447b44a876151c592c404b503c7

Num.test_add:
Constraints: 2

Num.test_add_optimized:
Constraints: 2

Num.test_add:
Constraints: 2

Num.test_add_optimized:
Constraints: 2

Num.test_add_constant:
Constraints: 2

Num.test_add_constant_optimized:
Constraints: 2

Num.test_add_constant:
Constraints: 2

Num.test_add_constant_optimized:
Constraints: 2

Num.test_sub:
Constraints: 2

Num.test_sub_optimized:
Constraints: 2

Num.test_sub:
Constraints: 2

Num.test_sub_optimized:
Constraints: 2

Num.test_mul:
Constraints: 2

Num.test_mul_optimized:
Constraints: 2

Num.test_mul:
Constraints: 2

Num.test_mul_optimized:
Constraints: 2

Num.test_mul:
Constraints: 2

Num.test_mul_optimized:
Constraints: 2

Num.test_num:
Constraints: 6

Num.test_num_optimized:
Constraints: 5

Num.test_div:
Constraints: 3

Num.test_div_optimized:
Constraints: 2

pow5:
Constraints: 2

pow5_optimized:
Constraints: 2

test:
Constraints: 2

test_optimized:
Constraints: 2

test:
Constraints: 2

test_optimized:
Constraints: 2

test:
Constraints: 2

test_optimized:
Constraints: 2

pow:
Constraints: 6

pow_optimized:
Constraints: 4

pow:
Constraints: 6

pow_optimized:
Constraints: 4

pow:
Constraints: 10

pow_optimized:
Constraints: 7

pow:
Constraints: 10

pow_optimized:
Constraints: 7

pow:
Constraints: 18

pow_optimized:
Constraints: 13

pow:
Constraints: 26

pow_optimized:
Constraints: 19

pow:
Constraints: 14

pow_optimized:
Constraints: 10

Num.test_equal:
Constraints: 1

Num.test_equal_optimized:
Constraints: 1

Num.bits_of_scalar:
Constraints: 15

Num.bits_of_scalar_optimized:
Constraints: 6

Num.bits_of_scalar:
Constraints: 15

Num.bits_of_scalar_optimized:
Constraints: 6

Num.is_upper_bounded:
Constraints: 8

Num.is_upper_bounded_optimized:
Constraints: 5

Num.is_upper_bounded:
Constraints: 14

Num.is_upper_bounded_optimized:
Constraints: 8

Num.is_upper_bounded:
Constraints: 26

Num.is_upper_bounded_optimized:
Constraints: 12

Num.is_upper_bounded:
Constraints: 738

Num.is_upper_bounded_optimized:
Constraints: 318

Num.is_upper_bounded:
Constraints: 8

Num.is_upper_bounded_optimized:
Constraints: 5

Num.is_upper_bounded:
Constraints: 735

Num.is_upper_bounded_optimized:
Constraints: 315

Num.is_upper_bounded:
Constraints: 765

Num.is_upper_bounded_optimized:
Constraints: 319

Num.is_upper_bounded:
Constraints: 765

Num.is_upper_bounded_optimized:
Constraints: 319

Num.is_upper_bounded:
Constraints: 767

Num.is_upper_bounded_optimized:
Constraints: 319

Num.is_upper_bounded:
Constraints: 735

Num.is_upper_bounded_optimized:
Constraints: 315

Num.is_upper_bounded_totality:
Constraints: 764

Num.is_upper_bounded_totality_optimized:
Constraints: 318

Num.is_upper_bounded_totality:
Constraints: 734

Num.is_upper_bounded_totality_optimized:
Constraints: 314

Num.is_upper_bounded_totality:
Constraints: 766

Num.is_upper_bounded_totality_optimized:
Constraints: 318

Num.geq:
Constraints: 25

Num.geq_optimized:
Constraints: 11

Num.geq:
Constraints: 22

Num.geq_optimized:
Constraints: 10

Bool.test_assert_true_and_false:
Constraints: 2

Bool.test_assert_true_and_false_optimized:
Constraints: 1

Bool.test_assert_true_and_false:
Constraints: 2

Bool.test_assert_true_and_false_optimized:
Constraints: 1

Bool.test_equal:
Constraints: 3

Bool.test_equal_optimized:
Constraints: 2

Bool.test_is_zero:
Constraints: 4

Bool.test_is_zero_optimized:
Constraints: 3

Bool.test_is_not_zero:
Constraints: 4

Bool.test_is_not_zero_optimized:
Constraints: 3

Bool.test_assert_bool:
Constraints: 1

Bool.test_assert_bool_optimized:
Constraints: 1

Bool.test_assert_bool:
Constraints: 1

Bool.test_assert_bool_optimized:
Constraints: 1

Bool.test_band:
Constraints: 5

Bool.test_band_optimized:
Constraints: 4

Bool.test_band:
Constraints: 5

Bool.test_band_optimized:
Constraints: 4

Bool.test_band:
Constraints: 5

Bool.test_band_optimized:
Constraints: 4

Bool.test_band:
Constraints: 5

Bool.test_band_optimized:
Constraints: 4

Bool.test_xor:
Constraints: 5

Bool.test_xor_optimized:
Constraints: 4

Bool.test_xor:
Constraints: 5

Bool.test_xor_optimized:
Constraints: 4

Bool.test_xor:
Constraints: 5

Bool.test_xor_optimized:
Constraints: 4

Bool.test_xor:
Constraints: 5

Bool.test_xor_optimized:
Constraints: 4

Bool.test_bor:
Constraints: 5

Bool.test_bor_optimized:
Constraints: 4

Bool.test_bor:
Constraints: 5

Bool.test_bor_optimized:
Constraints: 4

Bool.test_bor:
Constraints: 5

Bool.test_bor_optimized:
Constraints: 4

Bool.test_bor:
Constraints: 5

Bool.test_bor_optimized:
Constraints: 4

Bool.test_bnot:
Constraints: 4

Bool.test_bnot_optimized:
Constraints: 3

Bool.test_bnot:
Constraints: 4

Bool.test_bnot_optimized:
Constraints: 3

Bool.test_ifthenelse:
Constraints: 3

Bool.test_ifthenelse_optimized:
Constraints: 1

Bool.test_ifthenelse:
Constraints: 3

Bool.test_ifthenelse_optimized:
Constraints: 1

Bool.test_ifthenelse:
Constraints: 6

Bool.test_ifthenelse_optimized:
Constraints: 4

Bool.test_ifthenelse:
Constraints: 6

Bool.test_ifthenelse_optimized:
Constraints: 4

Bool.test_ifthenelse:
Constraints: 5

Bool.test_ifthenelse_optimized:
Constraints: 2

Bool.test_ifthenelse:
Constraints: 5

Bool.test_ifthenelse_optimized:
Constraints: 2

Bool.test_ifthenelse:
Constraints: 5

Bool.test_ifthenelse_optimized:
Constraints: 2

Bool.test_ifthenelse:
Constraints: 5

Bool.test_ifthenelse_optimized:
Constraints: 2

Bool.test_swap:
Constraints: 4

Bool.test_swap_optimized:
Constraints: 2

Bool.test_swap:
Constraints: 4

Bool.test_swap_optimized:
Constraints: 2

Bool.test_swap:
Constraints: 8

Bool.test_swap_optimized:
Constraints: 5

Bool.test_swap:
Constraints: 8

Bool.test_swap_optimized:
Constraints: 5

Bool.test_swap:
Constraints: 7

Bool.test_swap_optimized:
Constraints: 3

Bool.test_swap:
Constraints: 7

Bool.test_swap_optimized:
Constraints: 3

Bool.test_swap:
Constraints: 7

Bool.test_swap_optimized:
Constraints: 3

Bool.test_swap:
Constraints: 7

Bool.test_swap_optimized:
Constraints: 3

Bool.test_full_adder:
Constraints: 12

Bool.test_full_adder_optimized:
Constraints: 9

Bool.test_full_adder:
Constraints: 12

Bool.test_full_adder_optimized:
Constraints: 9

Bool.test_full_adder:
Constraints: 12

Bool.test_full_adder_optimized:
Constraints: 9

Bool.test_full_adder:
Constraints: 12

Bool.test_full_adder_optimized:
Constraints: 9

Bool.test_full_adder:
Constraints: 12

Bool.test_full_adder_optimized:
Constraints: 9

Bool.test_full_adder:
Constraints: 12

Bool.test_full_adder_optimized:
Constraints: 9

Bool.test_full_adder:
Constraints: 12

Bool.test_full_adder_optimized:
Constraints: 9

Bool.test_full_adder:
Constraints: 12

Bool.test_full_adder_optimized:
Constraints: 9

List.test_add_list:
Constraints: 5

List.test_add_list_optimized:
Constraints: 2

List.test_add_list:
Constraints: 6

List.test_add_list_optimized:
Constraints: 2

List.test_equal:
Constraints: 2

List.test_equal_optimized:
Constraints: 2

List.test_hd:
Constraints: 1

List.test_hd_optimized:
Constraints: 1

List.test_mul_list:
Constraints: 4

List.test_mul_list_optimized:
Constraints: 3

List.test_mul_list:
Constraints: 5

List.test_mul_list_optimized:
Constraints: 4

Rest.test_full_adder:
Constraints: 12

Rest.test_full_adder_optimized:
Constraints: 9

Rest.test_full_adder:
Constraints: 12

Rest.test_full_adder_optimized:
Constraints: 9

Rest.test_full_adder:
Constraints: 12

Rest.test_full_adder_optimized:
Constraints: 9

Rest.test_full_adder:
Constraints: 12

Rest.test_full_adder_optimized:
Constraints: 9

Rest.test_full_adder:
Constraints: 12

Rest.test_full_adder_optimized:
Constraints: 9

Rest.test_full_adder:
Constraints: 12

Rest.test_full_adder_optimized:
Constraints: 9

Rest.test_full_adder:
Constraints: 12

Rest.test_full_adder_optimized:
Constraints: 9

Rest.test_full_adder:
Constraints: 12

Rest.test_full_adder_optimized:
Constraints: 9

Rest.test_scalar_of_bytes:
Constraints: 82

Rest.test_scalar_of_bytes_optimized:
Constraints: 45

Tuple.test_equal:
Constraints: 2

Tuple.test_equal_optimized:
Constraints: 2

Tuple.test_point:
Constraints: 4

Tuple.test_point_optimized:
Constraints: 3

ECC.test_weierstrass_add:
Constraints: 12

ECC.test_weierstrass_add_optimized:
Constraints: 11

ECC.test_edwards_add:
Constraints: 12

ECC.test_edwards_add_optimized:
Constraints: 11

Bytes.test_add:
Constraints: 69

Bytes.test_add_optimized:
Constraints: 54

Bytes.test_xor:
Constraints: 40

Bytes.test_xor_optimized:
Constraints: 25

Bytes.blake:
Constraints: 160

Bytes.blake_optimized:
Constraints: 97

Bytes.test_ifthenelse:
Constraints: 41

Bytes.test_ifthenelse_optimized:
Constraints: 32

Bytes.test_ifthenelse:
Constraints: 41

Bytes.test_ifthenelse_optimized:
Constraints: 32

Bytes.test_rotate:
Constraints: 24

Bytes.test_rotate_optimized:
Constraints: 16

Bytes.test_rotate:
Constraints: 24

Bytes.test_rotate_optimized:
Constraints: 16

Bytes.test_rotate:
Constraints: 24

Bytes.test_rotate_optimized:
Constraints: 16

Bytes.test_rotate:
Constraints: 24

Bytes.test_rotate_optimized:
Constraints: 16

Bytes.test_rotate:
Constraints: 24

Bytes.test_rotate_optimized:
Constraints: 16

Bytes.test_rotate:
Constraints: 24

Bytes.test_rotate_optimized:
Constraints: 16

Bytes.test_rotate:
Constraints: 24

Bytes.test_rotate_optimized:
Constraints: 16

Bytes.test_rotate:
Constraints: 48

Bytes.test_rotate_optimized:
Constraints: 32

Bytes.test_rotate:
Constraints: 48

Bytes.test_rotate_optimized:
Constraints: 32

Bytes.test_rotate:
Constraints: 48

Bytes.test_rotate_optimized:
Constraints: 32

Bytes.test_rotate:
Constraints: 48

Bytes.test_rotate_optimized:
Constraints: 32

Bytes.test_rotate:
Constraints: 48

Bytes.test_rotate_optimized:
Constraints: 32

Bytes.test_rotate:
Constraints: 48

Bytes.test_rotate_optimized:
Constraints: 32

Bytes.test_rotate:
Constraints: 48

Bytes.test_rotate_optimized:
Constraints: 32

Bytes.test_rotate:
Constraints: 72

Bytes.test_rotate_optimized:
Constraints: 48

Bytes.test_rotate:
Constraints: 72

Bytes.test_rotate_optimized:
Constraints: 48

Bytes.test_rotate:
Constraints: 72

Bytes.test_rotate_optimized:
Constraints: 48

Bytes.test_rotate:
Constraints: 72

Bytes.test_rotate_optimized:
Constraints: 48

Bytes.test_rotate:
Constraints: 72

Bytes.test_rotate_optimized:
Constraints: 48

Bytes.test_rotate:
Constraints: 72

Bytes.test_rotate_optimized:
Constraints: 48

Bytes.test_rotate:
Constraints: 72

Bytes.test_rotate_optimized:
Constraints: 48

Blake.test_mixing:
Constraints: 2638

Blake.test_mixing_optimized:
Constraints: 1998

Blake.test_compression:
Constraints: 87808

Blake.test_compression_optimized:
Constraints: 87264

Blake.test_blake2s:
Constraints: 174377

Blake.test_blake2s_optimized:
Constraints: 174089

Poseidon.test_poseidon:
Constraints: 273

Poseidon.test_poseidon_optimized:
Constraints: 118

Poseidon.test_poseidon:
Constraints: 804

Poseidon.test_poseidon_optimized:
Constraints: 340

Poseidon.test_poseidon.fixed_length:
Constraints: 273

Poseidon.test_poseidon.fixed_length_optimized:
Constraints: 118

Poseidon.test_poseidon.fixed_length:
Constraints: 539

Poseidon.test_poseidon.fixed_length_optimized:
Constraints: 229

Poseidon.test_poseidon:
Constraints: 975

Poseidon.test_poseidon_optimized:
Constraints: 298

Poseidon.test_poseidon:
Constraints: 1991

Poseidon.test_poseidon_optimized:
Constraints: 603

Poseidon.test_poseidon.fixed_length:
Constraints: 975

Poseidon.test_poseidon.fixed_length_optimized:
Constraints: 298

Poseidon.test_poseidon.fixed_length:
Constraints: 991

Poseidon.test_poseidon.fixed_length_optimized:
Constraints: 304

Poseidon.test_poseidon:
Constraints: 611

Poseidon.test_poseidon_optimized:
Constraints: 190

Poseidon.test_poseidon:
Constraints: 1818

Poseidon.test_poseidon_optimized:
Constraints: 556

Poseidon.test_poseidon.fixed_length:
Constraints: 611

Poseidon.test_poseidon.fixed_length_optimized:
Constraints: 190

Poseidon.test_poseidon.fixed_length:
Constraints: 1215

Poseidon.test_poseidon.fixed_length_optimized:
Constraints: 373

Anemoi.test_round.valid:
Constraints: 20

Anemoi.test_round.valid_optimized:
Constraints: 18

Anemoi.test_round.valid:
Constraints: 20

Anemoi.test_round.valid_optimized:
Constraints: 18

Anemoi.test_compress.valid:
Constraints: 90

Anemoi.test_compress.valid_optimized:
Constraints: 85

Anemoi.test_compress.valid:
Constraints: 90

Anemoi.test_compress.valid_optimized:
Constraints: 85

Anemoi.test_double_round.valid:
Constraints: 21

Anemoi.test_double_round.valid_optimized:
Constraints: 19

Anemoi.test_double_round.valid:
Constraints: 21

Anemoi.test_double_round.valid_optimized:
Constraints: 19

Anemoi.test_compress_two.valid:
Constraints: 63

Anemoi.test_compress_two.valid_optimized:
Constraints: 58

Anemoi.test_compress_two.valid:
Constraints: 63

Anemoi.test_compress_two.valid_optimized:
Constraints: 58

Anemoi.test_compress.valid:
Constraints: 32

Anemoi.test_compress.valid_optimized:
Constraints: 17

Anemoi.test_compress.valid:
Constraints: 78

Anemoi.test_compress.valid_optimized:
Constraints: 39

Enum.test_switch:
Constraints: 16

Enum.test_switch_optimized:
Constraints: 12

Enum.test_switch:
Constraints: 16

Enum.test_switch_optimized:
Constraints: 12

Enum.test_switch:
Constraints: 16

Enum.test_switch_optimized:
Constraints: 12

Enum.test_switch:
Constraints: 16

Enum.test_switch_optimized:
Constraints: 12

Enum.test_switch:
Constraints: 16

Enum.test_switch_optimized:
Constraints: 12

Schnorr.test_circuit_verify:
Constraints: 2381

Schnorr.test_circuit_verify_optimized:
Constraints: 881

Merkle.test_merkle_pos:
Constraints: 1945

Merkle.test_merkle_pos_optimized:
Constraints: 593

Merkle.test_merkle_pos:
Constraints: 1945

Merkle.test_merkle_pos_optimized:
Constraints: 593

Merkle.test_merkle_pos:
Constraints: 1945

Merkle.test_merkle_pos_optimized:
Constraints: 593

Merkle.test_merkle_pos:
Constraints: 1945

Merkle.test_merkle_pos_optimized:
Constraints: 593

MerkleNarity.test_merkle_pos:
Constraints: 5030

MerkleNarity.test_merkle_pos_optimized:
Constraints: 1604

Edwards.test_add:
Constraints: 4

Edwards.test_add_optimized:
Constraints: 3

Edwards.test_add:
Constraints: 4

Edwards.test_add_optimized:
Constraints: 3

Edwards.test_add:
Constraints: 4

Edwards.test_add_optimized:
Constraints: 3

Edwards.test_add:
Constraints: 4

Edwards.test_add_optimized:
Constraints: 3

Edwards.test_add:
Constraints: 4

Edwards.test_add_optimized:
Constraints: 3

Edwards.test_add:
Constraints: 4

Edwards.test_add_optimized:
Constraints: 3

Edwards.test_add:
Constraints: 4

Edwards.test_add_optimized:
Constraints: 3

Edwards.test_add:
Constraints: 4

Edwards.test_add_optimized:
Constraints: 3

Edwards.test_add:
Constraints: 4

Edwards.test_add_optimized:
Constraints: 3

Edwards.test_add:
Constraints: 4

Edwards.test_add_optimized:
Constraints: 3

Edwards.test_cond_add:
Constraints: 5

Edwards.test_cond_add_optimized:
Constraints: 2

Edwards.test_cond_add:
Constraints: 5

Edwards.test_cond_add_optimized:
Constraints: 2

Edwards.test_cond_add:
Constraints: 5

Edwards.test_cond_add_optimized:
Constraints: 2

Edwards.test_cond_add:
Constraints: 5

Edwards.test_cond_add_optimized:
Constraints: 2

Edwards.test_cond_add:
Constraints: 5

Edwards.test_cond_add_optimized:
Constraints: 2

Edwards.test_cond_add:
Constraints: 5

Edwards.test_cond_add_optimized:
Constraints: 2

Edwards.test_cond_add:
Constraints: 5

Edwards.test_cond_add_optimized:
Constraints: 2

Edwards.test_scalar_mul:
Constraints: 6

Edwards.test_scalar_mul_optimized:
Constraints: 3

Edwards.test_scalar_mul:
Constraints: 6

Edwards.test_scalar_mul_optimized:
Constraints: 3

Edwards.test_scalar_mul:
Constraints: 11

Edwards.test_scalar_mul_optimized:
Constraints: 5

Edwards.test_scalar_mul:
Constraints: 1271

Edwards.test_scalar_mul_optimized:
Constraints: 509

Edwards.test_scalar_mul:
Constraints: 1271

Edwards.test_scalar_mul_optimized:
Constraints: 509

Edwards.test_scalar_mul:
Constraints: 1271

Edwards.test_scalar_mul_optimized:
Constraints: 509

Edwards.test_scalar_mul:
Constraints: 1271

Edwards.test_scalar_mul_optimized:
Constraints: 509

Edwards.test_scalar_mul:
Constraints: 1271

Edwards.test_scalar_mul_optimized:
Constraints: 509

Edwards.test_scalar_mul:
Constraints: 1271

Edwards.test_scalar_mul_optimized:
Constraints: 509

Edwards.test_scalar_mul:
Constraints: 1271

Edwards.test_scalar_mul_optimized:
Constraints: 509

Edwards.test_is_on_curve:
Constraints: 7

Edwards.test_is_on_curve_optimized:
Constraints: 6

Edwards.test_is_on_curve:
Constraints: 7

Edwards.test_is_on_curve_optimized:
Constraints: 6

Edwards.test_is_on_curve:
Constraints: 7

Edwards.test_is_on_curve_optimized:
Constraints: 6

Edwards.test_is_on_curve:
Constraints: 7

Edwards.test_is_on_curve_optimized:
Constraints: 6

Edwards.test_is_on_curve:
Constraints: 7

Edwards.test_is_on_curve_optimized:
Constraints: 6

Edwards.test_is_on_curve:
Constraints: 7

Edwards.test_is_on_curve_optimized:
Constraints: 6

Edwards.test_is_on_curve:
Constraints: 7

Edwards.test_is_on_curve_optimized:
Constraints: 6

Edwards.test_is_on_curve:
Constraints: 7

Edwards.test_is_on_curve_optimized:
Constraints: 6

Edwards.test_is_on_curve:
Constraints: 7

Edwards.test_is_on_curve_optimized:
Constraints: 6

Edwards.test_is_on_curve:
Constraints: 7

Edwards.test_is_on_curve_optimized:
Constraints: 6

Edwards.test_is_on_curve:
Constraints: 7

Edwards.test_is_on_curve_optimized:
Constraints: 6

Edwards.test_is_on_curve:
Constraints: 7

Edwards.test_is_on_curve_optimized:
Constraints: 6

Edwards.test_is_on_curve:
Constraints: 7

Edwards.test_is_on_curve_optimized:
Constraints: 6

Edwards.test_is_on_curve:
Constraints: 7

Edwards.test_is_on_curve_optimized:
Constraints: 6

Edwards.test_is_on_curve:
Constraints: 7

Edwards.test_is_on_curve_optimized:
Constraints: 6

Edwards.test_is_on_curve:
Constraints: 7

Edwards.test_is_on_curve_optimized:
Constraints: 6

Edwards.test_is_on_curve:
Constraints: 7

Edwards.test_is_on_curve_optimized:
Constraints: 6

Edwards.test_multi_scalar_mul:
Constraints: 2033

Edwards.test_multi_scalar_mul_optimized:
Constraints: 763

Edwards.test_multi_scalar_mul:
Constraints: 2795

Edwards.test_multi_scalar_mul_optimized:
Constraints: 1017

Edwards.test_multi_scalar_mul:
Constraints: 3557

Edwards.test_multi_scalar_mul_optimized:
Constraints: 1271

Edwards.test_multi_scalar_mul:
Constraints: 4319

Edwards.test_multi_scalar_mul_optimized:
Constraints: 1525

Edwards.test_multi_scalar_mul:
Constraints: 5081

Edwards.test_multi_scalar_mul_optimized:
Constraints: 1779

Weierstrass.test_add:
Constraints: 4

Weierstrass.test_add_optimized:
Constraints: 3

Weierstrass.test_add:
Constraints: 4

Weierstrass.test_add_optimized:
Constraints: 3

Weierstrass.test_add:
Constraints: 4

Weierstrass.test_add_optimized:
Constraints: 3

Weierstrass.test_add:
Constraints: 4

Weierstrass.test_add_optimized:
Constraints: 3

Weierstrass.test_add:
Constraints: 4

Weierstrass.test_add_optimized:
Constraints: 3

Weierstrass.test_add:
Constraints: 4

Weierstrass.test_add_optimized:
Constraints: 3

Weierstrass.test_add:
Constraints: 4

Weierstrass.test_add_optimized:
Constraints: 3

Weierstrass.test_add:
Constraints: 4

Weierstrass.test_add_optimized:
Constraints: 3

Weierstrass.test_add:
Constraints: 4

Weierstrass.test_add_optimized:
Constraints: 3

Weierstrass.test_add:
Constraints: 4

Weierstrass.test_add_optimized:
Constraints: 3

Weierstrass.test_double:
Constraints: 10

Weierstrass.test_double_optimized:
Constraints: 8

Weierstrass.test_double:
Constraints: 10

Weierstrass.test_double_optimized:
Constraints: 8

Weierstrass.test_double:
Constraints: 10

Weierstrass.test_double_optimized:
Constraints: 8

Weierstrass.test_double:
Constraints: 10

Weierstrass.test_double_optimized:
Constraints: 8

Weierstrass.test_double:
Constraints: 10

Weierstrass.test_double_optimized:
Constraints: 8

Weierstrass.test_double:
Constraints: 10

Weierstrass.test_double_optimized:
Constraints: 8

Weierstrass.test_double:
Constraints: 10

Weierstrass.test_double_optimized:
Constraints: 8

Weierstrass.test_double:
Constraints: 10

Weierstrass.test_double_optimized:
Constraints: 8

Weierstrass.test_double:
Constraints: 10

Weierstrass.test_double_optimized:
Constraints: 8

Weierstrass.test_double:
Constraints: 10

Weierstrass.test_double_optimized:
Constraints: 8

Weierstrass.test_scalar_mul:
Constraints: 4067

Weierstrass.test_scalar_mul_optimized:
Constraints: 3810

Weierstrass.test_scalar_mul:
Constraints: 4067

Weierstrass.test_scalar_mul_optimized:
Constraints: 3810

Weierstrass.is_on_curve_circuit:
Constraints: 4

Weierstrass.is_on_curve_circuit_optimized:
Constraints: 4

Weierstrass.is_on_curve_circuit:
Constraints: 4

Weierstrass.is_on_curve_circuit_optimized:
Constraints: 4

Weierstrass.is_on_curve_circuit:
Constraints: 4

Weierstrass.is_on_curve_circuit_optimized:
Constraints: 4

Weierstrass.is_on_curve_circuit:
Constraints: 4

Weierstrass.is_on_curve_circuit_optimized:
Constraints: 4

Weierstrass.is_on_curve_circuit:
Constraints: 4

Weierstrass.is_on_curve_circuit_optimized:
Constraints: 4

Weierstrass.is_on_curve_circuit:
Constraints: 4

Weierstrass.is_on_curve_circuit_optimized:
Constraints: 4

Weierstrass.is_on_curve_circuit:
Constraints: 4

Weierstrass.is_on_curve_circuit_optimized:
Constraints: 4

Weierstrass.is_on_curve_circuit:
Constraints: 4

Weierstrass.is_on_curve_circuit_optimized:
Constraints: 4

Weierstrass.is_on_curve_circuit:
Constraints: 4

Weierstrass.is_on_curve_circuit_optimized:
Constraints: 4

Weierstrass.is_on_curve_circuit:
Constraints: 4

Weierstrass.is_on_curve_circuit_optimized:
Constraints: 4

Bool.test_bor_lookup:
Constraints: 7

Bool.test_bor_lookup_optimized:
Constraints: 5

Bool.test_bor_lookup:
Constraints: 7

Bool.test_bor_lookup_optimized:
Constraints: 5

Bool.test_bor_lookup:
Constraints: 7

Bool.test_bor_lookup_optimized:
Constraints: 5

Bool.test_bor_lookup:
Constraints: 7

Bool.test_bor_lookup_optimized:
Constraints: 5

Optimizer.test_long_sum:
Constraints: 100

Optimizer.test_long_sum_optimized:
Constraints: 26

Optimizer.test_long_sum:
Constraints: 500

Optimizer.test_long_sum_optimized:
Constraints: 126

Optimizer.test_poseidon_rounds:
Constraints: 11

Optimizer.test_poseidon_rounds_optimized:
Constraints: 5

Optimizer.test_ecc_ed_cond_add:
Constraints: 12

Optimizer.test_ecc_ed_cond_add_optimized:
Constraints: 5

Encoding.test_foo:
Constraints: 8

Encoding.test_foo_optimized:
Constraints: 7

Encoding.test_assertion:
Constraints: 4

Encoding.test_assertion_optimized:
Constraints: 3

